
 RUN  v4.1.10 /home/ubuntu/git/mdlm-worktrees/tiny-process-integration

TINY_JOURNEY {"mode":"happy","sourceCommit":"0bde7ffb309d4e51a6de42aa7eba7acfd8a16bd5","initialSourceCommit":"0bde7ffb309d4e51a6de42aa7eba7acfd8a16bd5","failedObservations":0,"elapsedMs":23215,"assignments":6,"publications":6,"executions":2,"malformedRejections":3,"installed":true,"trace":[{"scenario":"draft-requirements@1","types":["REQ"],"assignment":"984f06e0-e7ca-41c0-ba20-84fb787b0a75"},{"scenario":"review-requirements@1","types":["REV"],"assignment":"bd508945-f3f7-4c34-85b7-e06a35fa3915"},{"scenario":"implement-product@1","types":["IMP"],"assignment":"b33ca1b3-26f3-4f32-80e5-068bba50f1d6"},{"scenario":"execute-verification@1","types":["RES"],"assignment":"e824f517-587c-4d77-8e34-da5c520a4c4f"},{"scenario":"review-implementation@1","types":["REV"],"assignment":"4edcf3aa-40d7-4d81-a1d7-f0a86ff3246a"},{"scenario":"accept-product@1","types":["ACC"],"assignment":"30ac05cc-1fdc-41ef-9305-b9f978f543ad"}]}

 Test Files  1 passed (1)
      Tests  1 passed (1)
   Start at  19:16:45
   Duration  23.41s (transform 34ms, setup 0ms, import 71ms, tests 23.22s, environment 0ms)

	Command being timed: "timeout 180 env MDLM_TINY_INSTALLED=1 ./node_modules/.bin/vitest run --config vitest.cutover.config.ts test/tiny-process-journey.test.ts"
	User time (seconds): 28.32
	System time (seconds): 5.96
	Percent of CPU this job got: 144%
	Elapsed (wall clock) time (h:mm:ss or m:ss): 0:23.71
	Average shared text size (kbytes): 0
	Average unshared data size (kbytes): 0
	Average stack size (kbytes): 0
	Average total size (kbytes): 0
	Maximum resident set size (kbytes): 150992
	Average resident set size (kbytes): 0
	Major (requiring I/O) page faults: 1
	Minor (reclaiming a frame) page faults: 1059325
	Voluntary context switches: 162717
	Involuntary context switches: 263
	Swaps: 0
	File system inputs: 4680
	File system outputs: 82008
	Socket messages sent: 0
	Socket messages received: 0
	Signals delivered: 0
	Page size (bytes): 4096
	Exit status: 0
